Analyzing sahaya...                                             

   info - Don't invoke 'print' in production code - bin\seed.dart:53:5 - avoid_print
   info - Don't invoke 'print' in production code - bin\seed.dart:55:5 - avoid_print
   info - Don't invoke 'print' in production code - bin\seed.dart:58:5 - avoid_print
   info - Don't invoke 'print' in production code - bin\seed.dart:63:3 - avoid_print
   info - Don't invoke 'print' in production code - bin\seed.dart:175:3 - avoid_print
   info - 'withOpacity' is deprecated and shouldn't be used. Use .withValues() to avoid precision loss - lib\app.dart:92:43 - deprecated_member_use
  error - The argument type 'CardTheme' can't be assigned to the parameter type 'CardThemeData?'.  - lib\app.dart:208:20 - argument_type_not_assignable
   info - 'withOpacity' is deprecated and shouldn't be used. Use .withValues() to avoid precision loss - lib\app.dart:210:37 - deprecated_member_use
   info - 'withOpacity' is deprecated and shouldn't be used. Use .withValues() to avoid precision loss - lib\app.dart:214:50 - deprecated_member_use
   info - 'withOpacity' is deprecated and shouldn't be used. Use .withValues() to avoid precision loss - lib\app.dart:272:56 - deprecated_member_use
   info - 'withOpacity' is deprecated and shouldn't be used. Use .withValues() to avoid precision loss - lib\app.dart:276:56 - deprecated_member_use
   info - 'withOpacity' is deprecated and shouldn't be used. Use .withValues() to avoid precision loss - lib\app.dart:282:53 - deprecated_member_use
   info - 'withOpacity' is deprecated and shouldn't be used. Use .withValues() to avoid precision loss - lib\components\ai_assistant_sheet.dart:228:58 - deprecated_member_use
   info - 'withOpacity' is deprecated and shouldn't be used. Use .withValues() to avoid precision loss - lib\components\ai_batch_task_sheet.dart:291:60 - deprecated_member_use
   info - 'withOpacity' is deprecated and shouldn't be used. Use .withValues() to avoid precision loss - lib\components\ai_batch_task_sheet.dart:346:57 - deprecated_member_use
   info - Statements in an if should be enclosed in a block - lib\components\review_card_dialog.dart:184:7 - curly_braces_in_flow_control_structures
   info - 'withOpacity' is deprecated and shouldn't be used. Use .withValues() to avoid precision loss - lib\pages\ngo_home_screen.dart:292:45 - deprecated_member_use
   info - 'withOpacity' is deprecated and shouldn't be used. Use .withValues() to avoid precision loss - lib\pages\ngo_home_screen.dart:295:47 - deprecated_member_use
   info - 'withOpacity' is deprecated and shouldn't be used. Use .withValues() to avoid precision loss - lib\pages\ngo_home_screen.dart:466:50 - deprecated_member_use
   info - 'withOpacity' is deprecated and shouldn't be used. Use .withValues() to avoid precision loss - lib\pages\ngo_home_screen.dart:582:50 - deprecated_member_use
   info - 'withOpacity' is deprecated and shouldn't be used. Use .withValues() to avoid precision loss - lib\pages\ngo_home_screen.dart:585:52 - deprecated_member_use
   info - 'withOpacity' is deprecated and shouldn't be used. Use .withValues() to avoid precision loss - lib\pages\ngo_home_screen.dart:692:64 - deprecated_member_use
   info - 'withOpacity' is deprecated and shouldn't be used. Use .withValues() to avoid precision loss - lib\pages\ngo_home_screen.dart:1006:54 - deprecated_member_use
warning - Unnecessary cast - lib\pages\proof_review_screen.dart:130:33 - unnecessary_cast
   info - 'withOpacity' is deprecated and shouldn't be used. Use .withValues() to avoid precision loss - lib\pages\review_queue_screen.dart:121:55 - deprecated_member_use
   info - 'withOpacity' is deprecated and shouldn't be used. Use .withValues() to avoid precision loss - lib\pages\upload_screen.dart:141:42 - deprecated_member_use
   info - 'withOpacity' is deprecated and shouldn't be used. Use .withValues() to avoid precision loss - lib\pages\upload_screen.dart:146:44 - deprecated_member_use
   info - 'withOpacity' is deprecated and shouldn't be used. Use .withValues() to avoid precision loss - lib\pages\upload_screen.dart:195:37 - deprecated_member_use
   info - 'withOpacity' is deprecated and shouldn't be used. Use .withValues() to avoid precision loss - lib\pages\upload_screen.dart:322:53 - deprecated_member_use
   info - 'withOpacity' is deprecated and shouldn't be used. Use .withValues() to avoid precision loss - lib\pages\upload_screen.dart:330:48 - deprecated_member_use
   info - 'withOpacity' is deprecated and shouldn't be used. Use .withValues() to avoid precision loss - lib\pages\upload_screen.dart:357:38 - deprecated_member_use
   info - 'withOpacity' is deprecated and shouldn't be used. Use .withValues() to avoid precision loss - lib\pages\upload_screen.dart:359:57 - deprecated_member_use
   info - Don't use 'BuildContext's across async gaps, guarded by an unrelated 'mounted' check - lib\pages\upload_screen.dart:414:35 - use_build_context_synchronously
   info - Don't use 'BuildContext's across async gaps, guarded by an unrelated 'mounted' check - lib\pages\upload_screen.dart:416:42 - use_build_context_synchronously
   info - Don't use 'BuildContext's across async gaps, guarded by an unrelated 'mounted' check - lib\pages\upload_screen.dart:426:35 - use_build_context_synchronously
   info - Don't use 'BuildContext's across async gaps - lib\pages\upload_screen.dart:464:42 - use_build_context_synchronously
   info - 'withOpacity' is deprecated and shouldn't be used. Use .withValues() to avoid precision loss - lib\pages\upload_screen.dart:499:47 - deprecated_member_use
   info - 'withOpacity' is deprecated and shouldn't be used. Use .withValues() to avoid precision loss - lib\pages\upload_screen.dart:533:39 - deprecated_member_use
   info - 'withOpacity' is deprecated and shouldn't be used. Use .withValues() to avoid precision loss - lib\pages\volunteer\task_details_screen.dart:315:51 - deprecated_member_use
   info - 'withOpacity' is deprecated and shouldn't be used. Use .withValues() to avoid precision loss - lib\pages\volunteer\task_details_screen.dart:332:56 - deprecated_member_use
   info - 'withOpacity' is deprecated and shouldn't be used. Use .withValues() to avoid precision loss - lib\pages\volunteer\task_details_screen.dart:531:61 - deprecated_member_use
  error - The argument for the named parameter 'fontWeight' was already specified - lib\pages\volunteer\volunteer_home_screen.dart:296:79 - duplicate_named_argument
  error - The argument for the named parameter 'fontWeight' was already specified - lib\pages\volunteer\volunteer_home_screen.dart:316:77 - duplicate_named_argument
  error - The argument for the named parameter 'fontWeight' was already specified - lib\pages\volunteer\volunteer_home_screen.dart:334:77 - duplicate_named_argument
   info - 'desiredAccuracy' is deprecated and shouldn't be used. use settings parameter with AndroidSettings, AppleSettings, WebSettings, or LocationSettings - lib\pages\volunteer\volunteer_onboarding_screen.dart:103:9 - deprecated_member_use
   info - 'withOpacity' is deprecated and shouldn't be used. Use .withValues() to avoid precision loss - lib\pages\volunteer\volunteer_onboarding_screen.dart:198:39 - deprecated_member_use
   info - 'groupValue' is deprecated and shouldn't be used. Use a RadioGroup ancestor to manage group value instead. This feature was deprecated after v3.32.0-0.0.pre - lib\pages\volunteer\volunteer_onboarding_screen.dart:448:15 - deprecated_member_use
   info - 'onChanged' is deprecated and shouldn't be used. Use RadioGroup to handle value change instead. This feature was deprecated after v3.32.0-0.0.pre - lib\pages\volunteer\volunteer_onboarding_screen.dart:449:15 - deprecated_member_use
   info - Don't invoke 'print' in production code - lib\services\seed_service.dart:10:7 - avoid_print
   info - Don't invoke 'print' in production code - lib\services\seed_service.dart:31:7 - avoid_print
   info - Don't invoke 'print' in production code - lib\services\seed_service.dart:33:7 - avoid_print

